2026-02-02 22:21:25,056 - INFO - 初始化OCR读取器，支持语言: ['ch_sim', 'en']
2026-02-02 22:21:25,057 - WARNING - Using CPU. Note: This module is much faster with a GPU.
2026-02-02 22:21:26,253 - INFO - OCR读取器初始化成功
2026-02-02 22:21:26,283 - ERROR - 程序异常: [WinError 3] 系统找不到指定的路径。: 'input'
Traceback (most recent call last):
  File "D:\CR\pic\python-image-translator\image_translator_optimized.py", line 517, in main
    stats = translator.process_folder(use_parallel=True)
  File "D:\CR\pic\python-image-translator\image_translator_optimized.py", line 442, in process_folder
    f for f in input_path.iterdir()
               ~~~~~~~~~~~~~~~~~~^^
  File "D:\Python\Lib\pathlib\__init__.py", line 836, in iterdir
    with os.scandir(root_dir) as scandir_it:
         ~~~~~~~~~~^^^^^^^^^^
FileNotFoundError: [WinError 3] 系统找不到指定的路径。: 'input'
2026-02-02 22:21:55,967 - INFO - 初始化OCR读取器，支持语言: ['ch_sim', 'en']
2026-02-02 22:21:55,967 - WARNING - Using CPU. Note: This module is much faster with a GPU.
2026-02-02 22:21:57,157 - INFO - OCR读取器初始化成功
2026-02-02 22:21:57,158 - INFO - 找到 1 个图片文件
2026-02-02 22:21:57,158 - INFO - 开始处理: input\HAHMCDLaAAA711J.jpg
2026-02-02 22:22:08,296 - INFO - 识别到 103 个文本框
2026-02-02 22:24:13,938 - INFO - 处理完成，保存至: output\HAHMCDLaAAA711J-translated.jpg
2026-02-02 22:24:13,940 - INFO - 
==================================================
2026-02-02 22:24:13,941 - INFO - 处理完成!
2026-02-02 22:24:13,942 - INFO - 总计: 1 张
2026-02-02 22:24:13,942 - INFO - 成功: 1 张
2026-02-02 22:24:13,942 - INFO - 失败: 0 张
2026-02-02 22:24:13,942 - INFO - ==================================================
